
> react-typescript-starter@0.1.0 test
> react-scripts test "--coverage"

PASS src/components/Course.test.tsx
PASS src/components/Semester.test.tsx
PASS src/components/Plan.test.tsx
---------------------|---------|----------|---------|---------|-------------------
File                 | % Stmts | % Branch | % Funcs | % Lines | Uncovered Line #s 
---------------------|---------|----------|---------|---------|-------------------
All files            |   75.96 |     42.5 |      70 |   74.74 |                   
 src                 |   86.36 |    33.33 |      80 |   83.33 |                   
  App.tsx            |   86.36 |    33.33 |      80 |   83.33 | 15,26-27          
 src/components      |   73.17 |    44.11 |   68.33 |   72.83 |                   
  AddPlanModal.tsx   |     100 |      100 |     100 |     100 |                   
  CourseEditor.tsx   |   42.85 |    21.42 |      40 |   42.85 | 32-77,98,136-190  
  CourseList.tsx     |     100 |      100 |     100 |     100 |                   
  PlanEditor.tsx     |   71.42 |        0 |      75 |   71.42 | 21-26             
  PlanList.tsx       |     100 |      100 |     100 |     100 |                   
  PlanView.tsx       |   84.21 |       75 |   83.33 |   83.33 | 57,63,100         
  RecordControls.tsx |       0 |      100 |       0 |       0 | 9                 
  SemesterEditor.tsx |     100 |       50 |     100 |     100 | 24-25             
  SemesterList.tsx   |     100 |      100 |     100 |     100 |                   
  SemesterView.tsx   |     100 |      100 |     100 |     100 |                   
 src/interfaces      |       0 |        0 |       0 |       0 |                   
  course.ts          |       0 |        0 |       0 |       0 |                   
  plan.ts            |       0 |        0 |       0 |       0 |                   
  semester.ts        |       0 |        0 |       0 |       0 |                   
---------------------|---------|----------|---------|---------|-------------------

Test Suites: 3 passed, 3 total
Tests:       12 passed, 12 total
Snapshots:   0 total
Time:        4.714 s
Ran all test suites.
